[   65326ms] [ERROR] Failed to load resource: net::ERR_CONNECTION_CLOSED @ https://fonts.googleapis.com/css2?family=JetBrains+Mono:wght@400;500;600;700&display=swap:0
[   65347ms] [INFO] %cDownload the React DevTools for a better development experience: https://react.dev/link/react-devtools font-weight:bold @ http://localhost:5174/node_modules/.vite/deps/react-dom_client.js?v=50b08a1f:20102
[   65799ms] [WARNING] An iframe which has both allow-scripts and allow-same-origin for its sandbox attribute can escape its sandboxing. @ http://localhost:5174/landing-pages/kage.html:0
[  147600ms] [WARNING] Blocked aria-hidden on an element because its descendant retained focus. The focus must not be hidden from assistive technology users. Avoid using aria-hidden on a focused element or its ancestor. Consider using the inert attribute instead, which will also prevent focus. For more details, see the aria-hidden section of the WAI-ARIA specification at https://w3c.github.io/aria/#aria-hidden.
Element with focus: <video>
Ancestor with aria-hidden: <span.browse-media> @ http://localhost:5174/browse:0
[  147933ms] [WARNING] An iframe which has both allow-scripts and allow-same-origin for its sandbox attribute can escape its sandboxing. @ http://localhost:5174/landing-pages/meng-to-sketchbook.html:0
[  159559ms] [WARNING] Blocked aria-hidden on an element because its descendant retained focus. The focus must not be hidden from assistive technology users. Avoid using aria-hidden on a focused element or its ancestor. Consider using the inert attribute instead, which will also prevent focus. For more details, see the aria-hidden section of the WAI-ARIA specification at https://w3c.github.io/aria/#aria-hidden.
Element with focus: <video>
Ancestor with aria-hidden: <span.browse-media> @ http://localhost:5174/browse:0
[  159935ms] [WARNING] An iframe which has both allow-scripts and allow-same-origin for its sandbox attribute can escape its sandboxing. @ http://localhost:5174/landing-pages/complete-shelf-v2.html:0
[  162874ms] [WARNING] Blocked aria-hidden on an element because its descendant retained focus. The focus must not be hidden from assistive technology users. Avoid using aria-hidden on a focused element or its ancestor. Consider using the inert attribute instead, which will also prevent focus. For more details, see the aria-hidden section of the WAI-ARIA specification at https://w3c.github.io/aria/#aria-hidden.
Element with focus: <video>
Ancestor with aria-hidden: <span.browse-media> @ http://localhost:5174/browse:0
[  163246ms] [WARNING] An iframe which has both allow-scripts and allow-same-origin for its sandbox attribute can escape its sandboxing. @ http://localhost:5174/landing-pages/inner-green-3d.html:0
[  173361ms] [WARNING] Blocked aria-hidden on an element because its descendant retained focus. The focus must not be hidden from assistive technology users. Avoid using aria-hidden on a focused element or its ancestor. Consider using the inert attribute instead, which will also prevent focus. For more details, see the aria-hidden section of the WAI-ARIA specification at https://w3c.github.io/aria/#aria-hidden.
Element with focus: <video>
Ancestor with aria-hidden: <span.browse-media> @ http://localhost:5174/browse:0
[  174138ms] [WARNING] cdn.tailwindcss.com should not be used in production. To use Tailwind CSS in production, install it as a PostCSS plugin or use the Tailwind CLI: https://tailwindcss.com/docs/installation @ https://cdn.tailwindcss.com/:63
[  179193ms] [WARNING] Blocked aria-hidden on an element because its descendant retained focus. The focus must not be hidden from assistive technology users. Avoid using aria-hidden on a focused element or its ancestor. Consider using the inert attribute instead, which will also prevent focus. For more details, see the aria-hidden section of the WAI-ARIA specification at https://w3c.github.io/aria/#aria-hidden.
Element with focus: <video>
Ancestor with aria-hidden: <span.browse-media> @ http://localhost:5174/browse:0
[  179603ms] [ERROR] Access to font at 'http://localhost:5174/three-js/sylva-living-world/inner-green-assets/lexend-latin.woff2' from origin 'null' has been blocked by CORS policy: No 'Access-Control-Allow-Origin' header is present on the requested resource. @ about:srcdoc:0
[  179603ms] [ERROR] Failed to load resource: net::ERR_FAILED @ http://localhost:5174/three-js/sylva-living-world/inner-green-assets/lexend-latin.woff2:0
